feat
feat attach <task>
feat daemon
feat daemon run [--log-level]
feat daemon start [--log-level]
feat daemon status
feat daemon stop
feat doctor
feat implement [--file] [--project]
feat project
feat project add <project>
feat project list
feat project show <project>
feat review <task>
feat runtime
feat runtime create <task>
feat runtime destroy <task> [--yes]
feat runtime logs <task>
feat runtime start <task>
feat runtime status <task>
feat runtime stop <task>
feat task
feat task attach <task>
feat task cleanup <task>
feat task list
feat task resume <task>
feat task review <task>
feat task stop <task>
feat version
