feat
feat attach <task>
feat cleanup <task>
feat daemon
feat daemon run [--log-level]
feat daemon start [--log-level]
feat daemon status
feat daemon stop
feat doctor
feat implement [--file] [--project]
feat project
feat project add <project>
feat project list
feat project show <project>
feat review <task>
feat runtime
feat runtime start <task>
feat runtime stop <task>
feat task
feat task list
feat version
