{
  "task_id": "7f3a1c2e-5b6d-4a80-9c1f-2d3e4f5a6b7c",
  "task_key": "7f3a1c2e",
  "project_id": "example",
  "workflow": "review_requested",
  "token": "0f1e2d3c",
  "classes": [
    {
      "class": "worktrees",
      "title": "worktrees",
      "targets": [
        {
          "identity": "/state/feat/worktrees/example/7f3a1c2e/api",
          "repository": "core",
          "detail": "the task worktree of api",
          "present": true,
          "warnings": [
            "the worktree has uncommitted or untracked changes"
          ]
        }
      ],
      "warnings": [
        "the worktree has uncommitted or untracked changes"
      ]
    }
  ],
  "archivable": true,
  "resolved_at": "2026-08-07T09:44:22Z"
}
