{
  "width": 100,
  "height": 30,
  "panes": [
    {
      "pane": "%11",
      "left": 0,
      "top": 0,
      "width": 100,
      "height": 30,
      "cursor_x": 0,
      "cursor_y": 0,
      "content": [
        "\u001b[32mready\u001b[m",
        "\u003e "
      ],
      "active": true
    }
  ]
}
